Archive member included to satisfy reference by file (symbol)

../../../ext_src/ch32fun/ch32fun/../misc/libgcc.a(div.o)
                              /tmp/ccxKIw7K.ltrans0.ltrans.o (__udivsi3)

Discarded input sections

 .text          0x00000000        0x0 /tmp/ccxKIw7K.ltrans0.ltrans.o
 .data          0x00000000        0x0 /tmp/ccxKIw7K.ltrans0.ltrans.o
 .bss           0x00000000        0x0 /tmp/ccxKIw7K.ltrans0.ltrans.o
 .text._puts    0x00000000       0x40 /tmp/ccxKIw7K.ltrans0.ltrans.o
 .text.vprintf  0x00000000       0x16 /tmp/ccxKIw7K.ltrans0.ltrans.o
 .text.mini_vsnprintf
                0x00000000       0x3a /tmp/ccxKIw7K.ltrans0.ltrans.o
 .text.snprintf
                0x00000000       0x1c /tmp/ccxKIw7K.ltrans0.ltrans.o
 .text.sprintf  0x00000000       0x26 /tmp/ccxKIw7K.ltrans0.ltrans.o
 .text.memset   0x00000000       0x12 /tmp/ccxKIw7K.ltrans0.ltrans.o
 .text.strcpy   0x00000000       0x14 /tmp/ccxKIw7K.ltrans0.ltrans.o
 .text.strncpy  0x00000000       0x1c /tmp/ccxKIw7K.ltrans0.ltrans.o
 .text.strcmp   0x00000000       0x1a /tmp/ccxKIw7K.ltrans0.ltrans.o
 .text.strncmp  0x00000000       0x2e /tmp/ccxKIw7K.ltrans0.ltrans.o
 .text.strchr   0x00000000       0x16 /tmp/ccxKIw7K.ltrans0.ltrans.o
 .text.strrchr  0x00000000       0x3c /tmp/ccxKIw7K.ltrans0.ltrans.o
 .text.memcpy   0x00000000       0x1c /tmp/ccxKIw7K.ltrans0.ltrans.o
 .text.memcmp   0x00000000       0x20 /tmp/ccxKIw7K.ltrans0.ltrans.o
 .text.memmove  0x00000000       0x5e /tmp/ccxKIw7K.ltrans0.ltrans.o
 .text.memchr   0x00000000       0x1a /tmp/ccxKIw7K.ltrans0.ltrans.o
 .text.strnlen  0x00000000       0x2a /tmp/ccxKIw7K.ltrans0.ltrans.o
 .text.twoway_strstr
                0x00000000      0x23e /tmp/ccxKIw7K.ltrans0.ltrans.o
 .text.strstr   0x00000000      0x132 /tmp/ccxKIw7K.ltrans0.ltrans.o
 .rodata.puts.str1.4
                0x00000000        0x2 /tmp/ccxKIw7K.ltrans0.ltrans.o
 .text.puts     0x00000000       0x40 /tmp/ccxKIw7K.ltrans0.ltrans.o
 .text.setjmp   0x00000000       0x10 /tmp/ccxKIw7K.ltrans0.ltrans.o
 .text.longjmp  0x00000000       0x14 /tmp/ccxKIw7K.ltrans0.ltrans.o
 .text.putchar  0x00000000       0x6c /tmp/ccxKIw7K.ltrans0.ltrans.o
 .rodata.APBAHBPrescTable.lto_priv.0
                0x00000000       0x10 /tmp/ccxKIw7K.ltrans0.ltrans.o
 .rodata.ADCPrescTable.lto_priv.0
                0x00000000       0x14 /tmp/ccxKIw7K.ltrans0.ltrans.o
 .rodata.APBAHBPrescTable.lto_priv.1
                0x00000000       0x10 /tmp/ccxKIw7K.ltrans0.ltrans.o
 .rodata.ADCPrescTable.lto_priv.1
                0x00000000       0x14 /tmp/ccxKIw7K.ltrans0.ltrans.o
 .data._ZL16APBAHBPrescTable
                0x00000000       0x10 /tmp/ccxKIw7K.ltrans0.ltrans.o
 .data._ZL13ADCPrescTable
                0x00000000       0x14 /tmp/ccxKIw7K.ltrans0.ltrans.o
 .comment       0x00000000       0x23 /tmp/ccxKIw7K.ltrans0.ltrans.o
 .comment       0x00000000       0x23 /tmp/ccVrNJSN.debug.temp.o
 .debug_info    0x00000000       0x1e /tmp/ccxudFVU.debug.temp.o
 .debug_abbrev  0x00000000       0x10 /tmp/ccxudFVU.debug.temp.o
 .debug_line    0x00000000       0x31 /tmp/ccxudFVU.debug.temp.o
 .debug_str     0x00000000       0xba /tmp/ccxudFVU.debug.temp.o
 .debug_line_str
                0x00000000       0x40 /tmp/ccxudFVU.debug.temp.o
 .comment       0x00000000       0x23 /tmp/ccxudFVU.debug.temp.o
 .comment       0x00000000       0x23 /tmp/ccbRdU62.debug.temp.o
 .comment       0x00000000       0x23 /tmp/ccRXGe76.debug.temp.o
 .comment       0x00000000       0x23 /tmp/ccZXPhZ7.debug.temp.o
 .comment       0x00000000       0x23 /tmp/ccwy79fS.debug.temp.o
 .text          0x00000000        0x0 /tmp/ccJNKP5r.o
 .data          0x00000000        0x0 /tmp/ccJNKP5r.o
 .bss           0x00000000        0x0 /tmp/ccJNKP5r.o
 .data          0x00000000        0x0 ../../../ext_src/ch32fun/ch32fun/../misc/libgcc.a(div.o)
 .bss           0x00000000        0x0 ../../../ext_src/ch32fun/ch32fun/../misc/libgcc.a(div.o)

Memory Configuration

Name             Origin             Length             Attributes
FLASH            0x00000000         0x00004000         xr
RAM              0x20000000         0x00000800         xrw
*default*        0x00000000         0xffffffff

Linker script and memory map

LOAD /tmp/ccUALk90.o
LOAD /tmp/ccxKIw7K.ltrans0.ltrans.o
LOAD /tmp/ccVrNJSN.debug.temp.o
LOAD /tmp/ccxudFVU.debug.temp.o
LOAD /tmp/ccbRdU62.debug.temp.o
LOAD /tmp/ccRXGe76.debug.temp.o
LOAD /tmp/ccZXPhZ7.debug.temp.o
LOAD /tmp/ccwy79fS.debug.temp.o
LOAD /tmp/cc6mPfPS.o
LOAD /tmp/ccpeDfxO.o
LOAD /tmp/ccJNKP5r.o
LOAD ./main.o
LOAD ./button_service.o
LOAD ./led_service.o
LOAD ../../../ext_src/ch32fun/ch32fun/../misc/libgcc.a
LOAD ../../../ext_src/ch32fun/ch32fun/../misc/libgcc.a

.init           0x00000000       0xa0
                0x00000000                        _sinit = .
                0x00000000                        . = ALIGN (0x4)
 *(SORT_NONE(.init))
 .init          0x00000000       0x9e /tmp/ccxKIw7K.ltrans0.ltrans.o
                0x00000000                InterruptVectorDefault
                0x00000000                InterruptVector
                0x000000a0                        . = ALIGN (0x4)
 *fill*         0x0000009e        0x2 
                0x000000a0                        _einit = .

.text           0x000000a0     0x10f4
                0x000000a0                        . = ALIGN (0x4)
 *(.text)
 .text          0x000000a0       0x7e ../../../ext_src/ch32fun/ch32fun/../misc/libgcc.a(div.o)
                0x000000a0                __divsi3
                0x000000a8                __hidden___udivsi3
                0x000000a8                __udivsi3
                0x000000d4                __umodsi3
                0x000000f8                __modsi3
 *(.text.*)
 .text.mini_pad
                0x0000011e       0x86 /tmp/ccxKIw7K.ltrans0.ltrans.o
 .text.PrintHex
                0x000001a4       0x54 /tmp/ccxKIw7K.ltrans0.ltrans.o
 .text.mini_itoa.part.0
                0x000001f8       0xc0 /tmp/ccxKIw7K.ltrans0.ltrans.o
 .text._ZN14Ch32ButtonPort4readEh
                0x000002b8       0x92 /tmp/ccxKIw7K.ltrans0.ltrans.o
 .text._ZN14Ch32ButtonPort6millisEv
                0x0000034a        0x6 /tmp/ccxKIw7K.ltrans0.ltrans.o
 .text._ZN11Ch32LedPort8setTxLedEb
                0x00000350        0x2 /tmp/ccxKIw7K.ltrans0.ltrans.o
 .text._ZN11Ch32LedPortD2Ev
                0x00000352        0x2 /tmp/ccxKIw7K.ltrans0.ltrans.o
 .text._ZN14Ch32ButtonPortD2Ev
                0x00000354        0x2 /tmp/ccxKIw7K.ltrans0.ltrans.o
 .text.internal_handle_input.constprop.0
                0x00000356        0xc /tmp/ccxKIw7K.ltrans0.ltrans.o
 .text._write.constprop.0
                0x00000362       0xda /tmp/ccxKIw7K.ltrans0.ltrans.o
 .text.__puts_uart
                0x0000043c       0x14 /tmp/ccxKIw7K.ltrans0.ltrans.o
 .text.handle_reset
                0x00000450       0x70 /tmp/ccxKIw7K.ltrans0.ltrans.o
                0x00000450                handle_reset
 .text.vector_handler
                0x000004c0       0x5a /tmp/ccxKIw7K.ltrans0.ltrans.o
                0x000004c0                EXTI2_IRQHandler
                0x000004c0                TIM8_TRG_COM_IRQHandler
                0x000004c0                TIM8_CC_IRQHandler
                0x000004c0                USART_WKUP_IRQHandler
                0x000004c0                UART8_IRQHandler
                0x000004c0                SPI4_IRQHandler
                0x000004c0                NFC_IRQHandler
                0x000004c0                DFSDM0_IRQHandler
                0x000004c0                TIM1_CC_IRQHandler
                0x000004c0                HardFault_Handler
                0x000004c0                TIM10_IRQHandler
                0x000004c0                GPIOB_IRQHandler
                0x000004c0                IPC_CH2_Handler
                0x000004c0                USBPD_IRQHandler
                0x000004c0                TIM6_IRQHandler
                0x000004c0                GPIOA_IRQHandler
                0x000004c0                CAN3_RX1_IRQHandler
                0x000004c0                I3C_ER_IRQHandler
                0x000004c0                PVD_IRQHandler
                0x000004c0                SDIO_IRQHandler
                0x000004c0                TIM9_BRK_IRQHandler
                0x000004c0                DMA2_Channel8_IRQHandler
                0x000004c0                CAN2_RX1_IRQHandler
                0x000004c0                EXTI3_IRQHandler
                0x000004c0                HSEM_Handler
                0x000004c0                UART1_IRQHandler
                0x000004c0                USBHS_IRQHandler
                0x000004c0                LPTIM2_IRQHandler
                0x000004c0                DMA2_Channel9_IRQHandler
                0x000004c0                TIM10_CC_IRQHandler
                0x000004c0                EXTI25_16_IRQHandler
                0x000004c0                I2C3_ER_IRQHandler
                0x000004c0                USBFS_IRQHandler
                0x000004c0                UART0_IRQHandler
                0x000004c0                USART8_IRQHandler
                0x000004c0                EXTI0_IRQHandler
                0x000004c0                I2C2_EV_IRQHandler
                0x000004c0                TIM10_TRG_COM_IRQHandler
                0x000004c0                LPTIM_IRQHandler
                0x000004c0                CAN1_RX0_IRQHandler
                0x000004c0                CAN3_SCE_IRQHandler
                0x000004c0                CAN2_SCE_IRQHandler
                0x000004c0                ADC1_2_IRQHandler
                0x000004c0                BB_IRQHandler
                0x000004c0                Break_Point_Handler
                0x000004c0                IPC_CH0_Handler
                0x000004c0                TIM2_CC_IRQHandler
                0x000004c0                SPI1_IRQHandler
                0x000004c0                USART5_IRQHandler
                0x000004c0                TAMPER_IRQHandler
                0x000004c0                TMR0_IRQHandler
                0x000004c0                AWU_IRQHandler
                0x000004c0                CAN2_RX0_IRQHandler
                0x000004c0                OSCWakeUp_IRQHandler
                0x000004c0                TIM8_UP_IRQHandler
                0x000004c0                Ecall_M_Mode_Handler
                0x000004c0                ECDC_IRQHandler
                0x000004c0                SDMMC_IRQHandler
                0x000004c0                USART7_IRQHandler
                0x000004c0                DMA2_Channel2_IRQHandler
                0x000004c0                DMA1_Channel4_IRQHandler
                0x000004c0                ADC1_IRQHandler
                0x000004c0                TIM2_BRK_IRQHandler
                0x000004c0                USART6_IRQHandler
                0x000004c0                CAN3_RX0_IRQHandler
                0x000004c0                HSADC_IRQHandler
                0x000004c0                TIM9_UP_IRQHandler
                0x000004c0                USART3_IRQHandler
                0x000004c0                RTC_IRQHandler
                0x000004c0                DMA1_Channel7_IRQHandler
                0x000004c0                LED_IRQHandler
                0x000004c0                CAN1_RX1_IRQHandler
                0x000004c0                DVP_IRQHandler
                0x000004c0                UART5_IRQHandler
                0x000004c0                USBSS_IRQHandler
                0x000004c0                SWPMI_IRQHandler
                0x000004c0                USBPDWakeUp_IRQHandler
                0x000004c0                EXTI15_8_IRQHandler
                0x000004c0                TIM4_IRQHandler
                0x000004c0                DMA2_Channel1_IRQHandler
                0x000004c0                SWPMI_WKUP_IRQHandler
                0x000004c0                USBPD_WKUP_IRQHandler
                0x000004c0                I2C1_EV_IRQHandler
                0x000004c0                USBSSWakeup_IRQHandler
                0x000004c0                UART2_IRQHandler
                0x000004c0                USART4_IRQHandler
                0x000004c0                PWMX_IRQHandler
                0x000004c0                DMA1_Channel6_IRQHandler
                0x000004c0                UART4_IRQHandler
                0x000004c0                DMA2_Channel4_IRQHandler
                0x000004c0                TIM3_IRQHandler
                0x000004c0                RCC_IRQHandler
                0x000004c0                TIM1_TRG_COM_IRQHandler
                0x000004c0                DMA1_Channel1_IRQHandler
                0x000004c0                DMA2_Channel7_IRQHandler
                0x000004c0                QSPI1_IRQHandler
                0x000004c0                EXTI15_10_IRQHandler
                0x000004c0                ADC_IRQHandler
                0x000004c0                IPC_CH3_Handler
                0x000004c0                DMA1_Channel8_IRQHandler
                0x000004c0                I3C_EV_IRQHandler
                0x000004c0                TMR2_IRQHandler
                0x000004c0                I3C_WKUP_IRQHandler
                0x000004c0                DefaultIRQHandler
                0x000004c0                TIM12_IRQHandler
                0x000004c0                TIM7_IRQHandler
                0x000004c0                CAN2_TX_IRQHandler
                0x000004c0                TIM5_IRQHandler
                0x000004c0                I2C3_EV_IRQHandler
                0x000004c0                USB_IRQHandler
                0x000004c0                EXTI9_5_IRQHandler
                0x000004c0                PIOC_IRQHandler
                0x000004c0                TIM9_IRQHandler
                0x000004c0                LTDC_IRQHandler
                0x000004c0                SAI_IRQHandler
                0x000004c0                SPI2_IRQHandler
                0x000004c0                OSC32KCal_IRQHandler
                0x000004c0                IPC_CH1_Handler
                0x000004c0                I2C_IRQHandler
                0x000004c0                LPTIM1_WKUP_IRQHandler
                0x000004c0                TIM10_BRK_IRQHandler
                0x000004c0                TIM9_CC_IRQHandler
                0x000004c0                CAN1_TX_IRQHandler
                0x000004c0                DMA2_Channel5_IRQHandler
                0x000004c0                USB2_IRQHandler
                0x000004c0                USBHSWakeUp_IRQHandler
                0x000004c0                DMA1_Channel5_IRQHandler
                0x000004c0                EXTI4_IRQHandler
                0x000004c0                USB_LP_CAN1_RX0_IRQHandler
                0x000004c0                QSPI2_IRQHandler
                0x000004c0                RNG_IRQHandler
                0x000004c0                USB_HP_CAN1_TX_IRQHandler
                0x000004c0                LLE_IRQHandler
                0x000004c0                CMPWakeUp_IRQHandler
                0x000004c0                DMA1_Channel3_IRQHandler
                0x000004c0                FSMC_IRQHandler
                0x000004c0                ETH_IRQHandler
                0x000004c0                TIM1_UP_IRQHandler
                0x000004c0                LPTIMWakeUp_IRQHandler
                0x000004c0                WWDG_IRQHandler
                0x000004c0                USBHSWakeup_IRQHandler
                0x000004c0                DMA2_Channel11_IRQHandler
                0x000004c0                WDOG_BAT_IRQHandler
                0x000004c0                Ecall_U_Mode_Handler
                0x000004c0                I2C4_EV_IRQHandler
                0x000004c0                CAN3_TX_IRQHandler
                0x000004c0                TMR3_IRQHandler
                0x000004c0                DMA2_Channel6_IRQHandler
                0x000004c0                TIM2_IRQHandler
                0x000004c0                SW_Handler
                0x000004c0                TIM1_BRK_IRQHandler
                0x000004c0                GPHA_IRQHandler
                0x000004c0                OPA_IRQHandler
                0x000004c0                DMA2_Channel10_IRQHandler
                0x000004c0                EXTI1_IRQHandler
                0x000004c0                SPI0_IRQHandler
                0x000004c0                USB2_HOST_IRQHandler
                0x000004c0                LPTIM2_WKUP_IRQHandler
                0x000004c0                RTCAlarm_IRQHandler
                0x000004c0                TIM11_IRQHandler
                0x000004c0                TIM10_UP_IRQHandler
                0x000004c0                TIM9_TRG_COM_IRQHandler
                0x000004c0                UART7_IRQHandler
                0x000004c0                USART2_IRQHandler
                0x000004c0                UART6_IRQHandler
                0x000004c0                UHSIF_IRQHandler
                0x000004c0                ETHWakeUp_IRQHandler
                0x000004c0                I2C2_ER_IRQHandler
                0x000004c0                DMA1_Channel2_IRQHandler
                0x000004c0                TIM8_BRK_IRQHandler
                0x000004c0                TIM2_TRG_IRQHandler
                0x000004c0                CAN1_SCE_IRQHandler
                0x000004c0                FLASH_IRQHandler
                0x000004c0                USBFSWakeUp_IRQHandler
                0x000004c0                USART1_IRQHandler
                0x000004c0                OTG_FS_IRQHandler
                0x000004c0                SPI3_IRQHandler
                0x000004c0                USBFS_WakeUp_IRQHandler
                0x000004c0                UART3_IRQHandler
                0x000004c0                I2C1_ER_IRQHandler
                0x000004c0                FMC_IRQHandler
                0x000004c0                USB2_DEVICE_IRQHandler
                0x000004c0                LPTIM1_IRQHandler
                0x000004c0                DFSDM1_IRQHandler
                0x000004c0                TMR1_IRQHandler
                0x000004c0                I2C4_ER_IRQHandler
                0x000004c0                SERDES_IRQHandler
                0x000004c0                USBSS_LINK_IRQHandler
                0x000004c0                USBWakeUp_IRQHandler
                0x000004c0                DMA2_Channel3_IRQHandler
                0x0000050c                NMI_Handler
                0x0000050c                NMI_RCC_CSS_IRQHandler
 .text.strlen   0x0000051a       0x12 /tmp/ccxKIw7K.ltrans0.ltrans.o
                0x0000051a                strlen
 .text.mini_vpprintf
                0x0000052c      0x1b4 /tmp/ccxKIw7K.ltrans0.ltrans.o
 .text.printf   0x000006e0       0x26 /tmp/ccxKIw7K.ltrans0.ltrans.o
                0x000006e0                printf
 .text.SystemInit
                0x00000706       0x62 /tmp/ccxKIw7K.ltrans0.ltrans.o
                0x00000706                SystemInit
 .text.startup.main
                0x00000768      0x25e /tmp/ccxKIw7K.ltrans0.ltrans.o
                0x00000768                main
 .text.usb_pid_handle_in
                0x000009c6       0xce /tmp/ccxKIw7K.ltrans0.ltrans.o
                0x000009c6                usb_pid_handle_in
 .text.usb_pid_handle_data
                0x00000a94      0x140 /tmp/ccxKIw7K.ltrans0.ltrans.o
                0x00000a94                usb_pid_handle_data
 .text.SysTick_Handler
                0x00000bd4       0x22 /tmp/ccxKIw7K.ltrans0.ltrans.o
 .text.startup._GLOBAL__sub_I___cxa_pure_virtual
                0x00000bf6       0x60 /tmp/ccxKIw7K.ltrans0.ltrans.o
 *fill*         0x00000c56        0x2 
 .text.vector_handler
                0x00000c58      0x3e8 /tmp/ccJNKP5r.o
                0x00000c58                EXTI7_0_IRQHandler
                0x00000f00                usb_send_empty
                0x00000f0e                usb_send_data
                0x0000103c                always0
 *(.rodata)
 .rodata        0x00001040       0x20 /tmp/ccxKIw7K.ltrans0.ltrans.o
 *(.rodata*)
 .rodata.main.str1.4
                0x00001060       0x32 /tmp/ccxKIw7K.ltrans0.ltrans.o
 *fill*         0x00001092        0x2 
 .rodata._ZTV11Ch32LedPort
                0x00001094       0x1c /tmp/ccxKIw7K.ltrans0.ltrans.o
 .rodata.hid_report_desc
                0x000010b0       0x26 /tmp/ccxKIw7K.ltrans0.ltrans.o
 *fill*         0x000010d6        0x2 
 .rodata.config_descriptor
                0x000010d8       0x22 /tmp/ccxKIw7K.ltrans0.ltrans.o
 *fill*         0x000010fa        0x2 
 .rodata.device_descriptor
                0x000010fc       0x12 /tmp/ccxKIw7K.ltrans0.ltrans.o
 *fill*         0x0000110e        0x2 
 .rodata._ZL5kRows
                0x00001110       0x18 /tmp/ccxKIw7K.ltrans0.ltrans.o
 .rodata._ZTV14Ch32ButtonPort
                0x00001128       0x18 /tmp/ccxKIw7K.ltrans0.ltrans.o
 .rodata.descriptor_list
                0x00001140       0x54 /tmp/ccxKIw7K.ltrans0.ltrans.o
 *(.gnu.linkonce.t.*)
                0x00001194                        . = ALIGN (0x4)

.rela.dyn       0x00001194        0x0
 .rela.text.handle_reset
                0x00001194        0x0 /tmp/ccJNKP5r.o

.fini           0x00001194        0x0
 *(SORT_NONE(.fini))
                0x00001194                        . = ALIGN (0x4)
                [!provide]                        PROVIDE (_etext = .)
                [!provide]                        PROVIDE (_eitcm = .)

.preinit_array  0x00001194        0x0
                [!provide]                        PROVIDE (__preinit_array_start = .)
 *(.preinit_array)
                [!provide]                        PROVIDE (__preinit_array_end = .)

.init_array     0x00001194        0x4
                0x00001194                        PROVIDE (__init_array_start = .)
 *(SORT_BY_INIT_PRIORITY(.init_array.*) SORT_BY_INIT_PRIORITY(.ctors.*))
 *(.init_array EXCLUDE_FILE(*crtend?.o *crtend.o *crtbegin?.o *crtbegin.o) .ctors)
 .init_array    0x00001194        0x4 /tmp/ccxKIw7K.ltrans0.ltrans.o
                0x00001198                        PROVIDE (__init_array_end = .)

.fini_array     0x00001198        0x0
                [!provide]                        PROVIDE (__fini_array_start = .)
 *(SORT_BY_INIT_PRIORITY(.fini_array.*) SORT_BY_INIT_PRIORITY(.dtors.*))
 *(.fini_array EXCLUDE_FILE(*crtend?.o *crtend.o *crtbegin?.o *crtbegin.o) .dtors)
                [!provide]                        PROVIDE (__fini_array_end = .)

.ctors
 *crtbegin.o(.ctors)
 *crtbegin?.o(.ctors)
 *(EXCLUDE_FILE(*crtend?.o *crtend.o) .ctors)
 *(SORT_BY_NAME(.ctors.*))
 *(.ctors)

.dtors
 *crtbegin.o(.dtors)
 *crtbegin?.o(.dtors)
 *(EXCLUDE_FILE(*crtend?.o *crtend.o) .dtors)
 *(SORT_BY_NAME(.dtors.*))
 *(.dtors)

.dalign         0x20000000        0x0 load address 0x00001198
                0x20000000                        . = ALIGN (0x4)
                0x20000000                        PROVIDE (_data_vma = .)

.dlalign        0x00001198        0x0
                0x00001198                        . = ALIGN (0x4)
                0x00001198                        PROVIDE (_data_lma = .)

.data           0x20000000       0x10 load address 0x00001198
                0x20000000                        . = ALIGN (0x4)
                0x200003fc                        __global_pointer$ = (. + 0x3fc)
 *(.gnu.linkonce.r.*)
 *(.data .data.*)
 *(.gnu.linkonce.d.*)
                0x20000000                        . = ALIGN (0x8)
 *(.sdata .sdata.*)
 .sdata._ZL7ledPort
                0x20000000        0x4 /tmp/ccxKIw7K.ltrans0.ltrans.o
 *(.sdata2*)
 *(.gnu.linkonce.s.*)
                0x20000008                        . = ALIGN (0x8)
 *fill*         0x20000004        0x4 
 *(.srodata.cst16)
 *(.srodata.cst8)
 *(.srodata.cst4)
 *(.srodata.cst2)
 *(.srodata .srodata.*)
 .srodata._ZL8kColBits
                0x20000008        0x5 /tmp/ccxKIw7K.ltrans0.ltrans.o
                0x20000010                        . = ALIGN (0x4)
 *fill*         0x2000000d        0x3 
                0x20000010                        PROVIDE (_edata = .)

.bss            0x20000010      0x18c load address 0x000011a8
                0x20000010                        . = ALIGN (0x4)
                0x20000010                        PROVIDE (_sbss = .)
 *(.sbss*)
 .sbss.g_millis
                0x20000010        0x4 /tmp/ccxKIw7K.ltrans0.ltrans.o
 .sbss._ZL10ledService
                0x20000014        0x8 /tmp/ccxKIw7K.ltrans0.ltrans.o
 .sbss._ZL9g_pending
                0x2000001c        0x8 /tmp/ccxKIw7K.ltrans0.ltrans.o
 .sbss._ZL12g_hasPending
                0x20000024        0x1 /tmp/ccxKIw7K.ltrans0.ltrans.o
 *(.gnu.linkonce.sb.*)
 *(.bss*)
 *fill*         0x20000025        0x3 
 .bss._ZL10buttonPort
                0x20000028       0x10 /tmp/ccxKIw7K.ltrans0.ltrans.o
 .bss.rv003usb_internal_data
                0x20000038       0x5c /tmp/ccxKIw7K.ltrans0.ltrans.o
                0x20000038                rv003usb_internal_data
 .bss._ZL13buttonService
                0x20000094      0x108 /tmp/ccxKIw7K.ltrans0.ltrans.o
 *(.gnu.linkonce.b.*)
 *(COMMON*)
                0x2000019c                        . = ALIGN (0x4)
                0x2000019c                        PROVIDE (_ebss = .)
                [!provide]                        PROVIDE (_end = _ebss)
                [!provide]                        PROVIDE (end = .)
                0x20000800                        PROVIDE (_eusrstack = (ORIGIN (RAM) + LENGTH (RAM)))

/DISCARD/
 *(.note .note.*)
 *(.eh_frame .eh_frame.*)
 *(.comment .comment.*)
 *(.ARM.extab* .gnu.linkonce.armextab.*)
 *(.ARM.exidx*)
OUTPUT(mydeck_uiap.elf elf32-littleriscv)

.riscv.attributes
                0x00000000       0x2e
 .riscv.attributes
                0x00000000       0x2e /tmp/ccxKIw7K.ltrans0.ltrans.o
 .riscv.attributes
                0x0000002e       0x23 /tmp/ccJNKP5r.o
 .riscv.attributes
                0x00000051       0x1f ../../../ext_src/ch32fun/ch32fun/../misc/libgcc.a(div.o)

.debug_info     0x00000000     0x4ec0
 .debug_info    0x00000000     0x16e9 /tmp/ccxKIw7K.ltrans0.ltrans.o
 .debug_info    0x000016e9     0x1143 /tmp/ccVrNJSN.debug.temp.o
                0x000016e9                ch32fun.c.45db1420
 .debug_info    0x0000282c      0xbb1 /tmp/ccbRdU62.debug.temp.o
                0x0000282c                rv003usb.c.495f7321
 .debug_info    0x000033dd     0x15b6 /tmp/ccRXGe76.debug.temp.o
                0x000033dd                main.cpp.dcfbcb8d
 .debug_info    0x00004993      0x2dd /tmp/ccZXPhZ7.debug.temp.o
                0x00004993                button_service.cpp.5ce51ee1
 .debug_info    0x00004c70      0x1ce /tmp/ccwy79fS.debug.temp.o
                0x00004c70                led_service.cpp.a7e5c60b
 .debug_info    0x00004e3e       0x25 /tmp/ccJNKP5r.o
 .debug_info    0x00004e63       0x5d ../../../ext_src/ch32fun/ch32fun/../misc/libgcc.a(div.o)

.debug_abbrev   0x00000000      0xf36
 .debug_abbrev  0x00000000      0x218 /tmp/ccxKIw7K.ltrans0.ltrans.o
 .debug_abbrev  0x00000218      0x27a /tmp/ccVrNJSN.debug.temp.o
 .debug_abbrev  0x00000492      0x247 /tmp/ccbRdU62.debug.temp.o
 .debug_abbrev  0x000006d9      0x53a /tmp/ccRXGe76.debug.temp.o
 .debug_abbrev  0x00000c13      0x1bf /tmp/ccZXPhZ7.debug.temp.o
 .debug_abbrev  0x00000dd2      0x128 /tmp/ccwy79fS.debug.temp.o
 .debug_abbrev  0x00000efa       0x14 /tmp/ccJNKP5r.o
 .debug_abbrev  0x00000f0e       0x28 ../../../ext_src/ch32fun/ch32fun/../misc/libgcc.a(div.o)

.debug_loclists
                0x00000000     0x1bc2
 .debug_loclists
                0x00000000     0x1bc2 /tmp/ccxKIw7K.ltrans0.ltrans.o

.debug_aranges  0x00000000      0x1d0
 .debug_aranges
                0x00000000      0x190 /tmp/ccxKIw7K.ltrans0.ltrans.o
 .debug_aranges
                0x00000190       0x20 /tmp/ccJNKP5r.o
 .debug_aranges
                0x000001b0       0x20 ../../../ext_src/ch32fun/ch32fun/../misc/libgcc.a(div.o)

.debug_rnglists
                0x00000000      0x2bb
 .debug_rnglists
                0x00000000      0x2bb /tmp/ccxKIw7K.ltrans0.ltrans.o

.debug_line     0x00000000     0x3ff6
 .debug_line    0x00000000     0x3480 /tmp/ccxKIw7K.ltrans0.ltrans.o
 .debug_line    0x00003480       0x6d /tmp/ccVrNJSN.debug.temp.o
 .debug_line    0x000034ed       0x64 /tmp/ccbRdU62.debug.temp.o
 .debug_line    0x00003551       0x93 /tmp/ccRXGe76.debug.temp.o
 .debug_line    0x000035e4       0x56 /tmp/ccZXPhZ7.debug.temp.o
 .debug_line    0x0000363a       0x51 /tmp/ccwy79fS.debug.temp.o
 .debug_line    0x0000368b      0x818 /tmp/ccJNKP5r.o
 .debug_line    0x00003ea3      0x153 ../../../ext_src/ch32fun/ch32fun/../misc/libgcc.a(div.o)

.debug_str      0x00000000     0x1a8f
 .debug_str     0x00000000      0x19d /tmp/ccxKIw7K.ltrans0.ltrans.o
 .debug_str     0x00000000      0x751 /tmp/ccVrNJSN.debug.temp.o
 .debug_str     0x00000000      0x8ae /tmp/ccbRdU62.debug.temp.o
 .debug_str     0x00000000     0x11f6 /tmp/ccRXGe76.debug.temp.o
 .debug_str     0x00000000      0x316 /tmp/ccZXPhZ7.debug.temp.o
 .debug_str     0x00000000      0x26f /tmp/ccwy79fS.debug.temp.o
 .debug_str     0x00000000     0x1a8f /tmp/ccJNKP5r.o
                                 0x6c (size before relaxing)
 .debug_str     0x00001a8f       0xd9 ../../../ext_src/ch32fun/ch32fun/../misc/libgcc.a(div.o)

.debug_line_str
                0x00000000      0x334
 .debug_line_str
                0x00000000      0x15d /tmp/ccxKIw7K.ltrans0.ltrans.o
 .debug_line_str
                0x00000000      0x14c /tmp/ccVrNJSN.debug.temp.o
 .debug_line_str
                0x00000000      0x12d /tmp/ccbRdU62.debug.temp.o
 .debug_line_str
                0x00000000      0x19a /tmp/ccRXGe76.debug.temp.o
 .debug_line_str
                0x00000000       0xdf /tmp/ccZXPhZ7.debug.temp.o
 .debug_line_str
                0x00000000       0xc9 /tmp/ccwy79fS.debug.temp.o
 .debug_line_str
                0x00000000      0x334 /tmp/ccJNKP5r.o
                                 0x60 (size before relaxing)
 .debug_line_str
                0x00000334       0x92 ../../../ext_src/ch32fun/ch32fun/../misc/libgcc.a(div.o)

.debug_frame    0x00000000      0x490
 .debug_frame   0x00000000      0x490 /tmp/ccxKIw7K.ltrans0.ltrans.o
